// 重构日志: 20da5253
// 重构日志: cd06b162
// 重构日志: 7740ae56
// 重构日志: 9c4877e3
// 重构日志: a77f3cbe
// 重构日志: b0d931de
// 同步 ID: 5ab7403a @ Sat Jul 18 15:36:59 UTC 2026
// 重构日志: dc41bf6d
// 重构日志: 4b961fa4
// 重构日志: 516c601b
// 重构日志: 564339cb
// 重构日志: 0eafe9fc
// 重构日志: 334cf64e
// 重构日志: fafd00ae
// 同步 ID: 4f8b528e @ Tue Jul 28 10:31:08 UTC 2026
// 重构日志: d0000c9a
// 同步 ID: bdb0d786 @ Wed Jul 29 17:39:10 UTC 2026
// 重构日志: 497adbdd
// 同步 ID: a0b5b505 @ Thu Jul 30 12:16:55 UTC 2026
// 同步 ID: 641de5d5 @ Thu Jul 30 15:00:32 UTC 2026
// 重构日志: 0e916e5c
// 同步 ID: 0ff8aef6 @ Fri Jul 31 13:36:37 UTC 2026
// 重构日志: f24edeff
// 重构日志: 2a2c4a26
// 同步 ID: 6f51bbe3 @ Sun Aug  2 00:25:04 UTC 2026
// 同步 ID: f361fb51 @ Sun Aug  2 10:24:36 UTC 2026
// 重构日志: 026bbbba
// 重构日志: e948bd9b
// 同步 ID: cfb2bd8a @ Wed Aug  5 12:34:55 UTC 2026
// 同步 ID: 4cd4ef29 @ Fri Aug  7 17:36:00 UTC 2026
// 重构日志: 986f798e
// 重构日志: a72aac01
// 重构日志: 3a833de8
// 重构日志: ffffb23e
// 重构日志: d8fbd58a
